// Jest Snapshot v1, https://goo.gl/fbAQLP

exports[`Mortgage renders correctly 1`] = `
<DocumentFragment>
  <table
    class="table table-striped"
    data-testid="summary-table"
    id="summary-table"
  >
    <thead
      class="thead-dark"
    >
      <tr>
        <th
          scope="col"
        >
          Category
        </th>
        <th
          scope="col"
        >
          Term
        </th>
        <th
          scope="col"
        >
          Amortization
        </th>
      </tr>
    </thead>
    <tbody>
      <tr>
        <th
          scope="row"
        >
          Number of Payments
        </th>
        <td>
          120
        </td>
        <td>
          600
        </td>
      </tr>
      <tr>
        <th
          scope="row"
        >
          Mortgage Payment
        </th>
        <td>
          319.73
        </td>
        <td>
          319.73
        </td>
      </tr>
      <tr>
        <th
          scope="row"
        >
          Principal Payments,
        </th>
        <td>
          10019.40
        </td>
        <td>
          100000.00
        </td>
      </tr>
      <tr>
        <th
          scope="row"
        >
          Interest Payments
        </th>
        <td>
          28348.20
        </td>
        <td>
          91838.89
        </td>
      </tr>
      <tr>
        <th
          scope="row"
        >
          Total Cost
        </th>
        <td>
          38367.78
        </td>
        <td>
          191838.89
        </td>
      </tr>
    </tbody>
  </table>
</DocumentFragment>
`;
